// Jest Snapshot v1, https://goo.gl/fbAQLP

exports[`Overlay Should match snapshot 1`] = `
<DocumentFragment>
  <div
    class="container-full"
  >
    <div
      class="styled-wrapper    notification-block"
    >
      <div
        class="notification-block-title"
      >
        Notification Title
      </div>
      <div
        class="notification-block-description"
      >
        This is a notification 
      </div>
    </div>
  </div>
</DocumentFragment>
`;
